/Users/rajasyardi/UlkaEnterprises/src/main/java/LaptopOnRent/UlkaEnterprises/Security/adminLoginSuccessHandler.java
/Users/rajasyardi/UlkaEnterprises/src/main/java/LaptopOnRent/UlkaEnterprises/MvcConfig.java
/Users/rajasyardi/UlkaEnterprises/src/main/java/LaptopOnRent/UlkaEnterprises/FileUploadUtil.java
/Users/rajasyardi/UlkaEnterprises/src/main/java/LaptopOnRent/UlkaEnterprises/controller/mainController.java
/Users/rajasyardi/UlkaEnterprises/src/main/java/LaptopOnRent/UlkaEnterprises/UlkaEnterprisesApplication.java
/Users/rajasyardi/UlkaEnterprises/src/main/java/LaptopOnRent/UlkaEnterprises/Security/SecurityConfig.java
/Users/rajasyardi/UlkaEnterprises/src/main/java/LaptopOnRent/UlkaEnterprises/Repository/adminRepository.java
/Users/rajasyardi/UlkaEnterprises/src/main/java/LaptopOnRent/UlkaEnterprises/controller/AdminController.java
/Users/rajasyardi/UlkaEnterprises/src/main/java/LaptopOnRent/UlkaEnterprises/Service/AdminService.java
/Users/rajasyardi/UlkaEnterprises/src/main/java/LaptopOnRent/UlkaEnterprises/Model/admin.java
/Users/rajasyardi/UlkaEnterprises/src/main/java/LaptopOnRent/UlkaEnterprises/Service/UserNotFoundException.java
